nohup: ignoring input
2026-09-12T08:18:59Z INF Thank you for trying Cloudflare Tunnel. Doing so, without a Cloudflare account, is a quick way to experiment and try it out. However, be aware that these account-less Tunnels have no uptime guarantee, are subject to the Cloudflare Online Services Terms of Use (https://www.cloudflare.com/website-terms/), and Cloudflare reserves the right to investigate your use of Tunnels for violations of such terms. If you intend to use Tunnels in production you should use a pre-created named tunnel by following: https://developers.cloudflare.com/cloudflare-one/connections/connect-apps
2026-09-12T08:18:59Z INF Requesting new quick Tunnel on trycloudflare.com...
2026-09-12T08:19:04Z INF +--------------------------------------------------------------------------------------------+
2026-09-12T08:19:04Z INF |  Your quick Tunnel has been created! Visit it at (it may take some time to be reachable):  |
2026-09-12T08:19:04Z INF |  https://biodiversity-map-performed-sandra.trycloudflare.com                               |
2026-09-12T08:19:04Z INF +--------------------------------------------------------------------------------------------+
2026-09-12T08:19:04Z INF Cannot determine default configuration path. No file [config.yml config.yaml] in [~/.cloudflared ~/.cloudflare-warp ~/cloudflare-warp /etc/cloudflared /usr/local/etc/cloudflared]
2026-09-12T08:19:04Z INF Version 2026.8.3 (Checksum e7a6566340b9e1b093adbd7048e602995d582cda27888b6e33f6fd0876dfb713)
2026-09-12T08:19:04Z INF GOOS: linux, GOVersion: go1.27.0-X:nodwarf5, GoArch: amd64
2026-09-12T08:19:04Z INF Settings: map[ha-connections:1 p:http2 protocol:http2 url:http://localhost:8080]
2026-09-12T08:19:04Z INF cloudflared will not automatically update if installed by a package manager.
2026-09-12T08:19:04Z INF Generated Connector ID: f4e9bb4d-29f7-49cc-a1bc-c70ee237ebb4
2026-09-12T08:19:04Z INF Initial protocol http2
2026-09-12T08:19:04Z INF ICMP proxy will use 192.168.8.104 as source for IPv4
2026-09-12T08:19:04Z INF ICMP proxy will use fd08:f458:cdcf:bc00:abf:b8ff:feb8:fb91 in zone eno1 as source for IPv6
2026-09-12T08:19:04Z INF ICMP proxy will use 192.168.8.104 as source for IPv4
2026-09-12T08:19:04Z INF ICMP proxy will use fd08:f458:cdcf:bc00:abf:b8ff:feb8:fb91 in zone eno1 as source for IPv6
2026-09-12T08:19:04Z INF Starting metrics server on 127.0.0.1:20242/metrics
2026-09-12T08:19:04Z INF Tunnel connection curve preferences: [X25519MLKEM768 CurveID(65074) CurveP256] connIndex=0 event=0 ip=2606:4700:a0::6
2026-09-12T08:19:05Z INF Registered tunnel connection connIndex=0 connection=9ed9bcfd-a238-4772-bc76-3f40edc23e48 event=0 ip=2606:4700:a0::6 location=jed03 protocol=http2
2026-09-12T08:19:14Z INF +-----------------------------------------------------------------------------------------------+
2026-09-12T08:19:14Z INF |                                    CONNECTIVITY PRE-CHECKS                                    |
2026-09-12T08:19:14Z INF +-----------------------------------------------------------------------------------------------+
2026-09-12T08:19:14Z INF |  COMPONENT         TARGET                     STATUS  DETAILS                                 |
2026-09-12T08:19:14Z INF |  DNS Resolution    region1.v2.argotunnel.com  PASS    DNS Resolved successfully               |
2026-09-12T08:19:14Z INF |  DNS Resolution    region2.v2.argotunnel.com  PASS    DNS Resolved successfully               |
2026-09-12T08:19:14Z INF |  UDP Connectivity  region1.v2.argotunnel.com  FAIL    QUIC connection failed                  |
2026-09-12T08:19:14Z INF |  UDP Connectivity  region2.v2.argotunnel.com  FAIL    QUIC connection failed                  |
2026-09-12T08:19:14Z INF |  TCP Connectivity  region1.v2.argotunnel.com  PASS    HTTP/2 connection successful            |
2026-09-12T08:19:14Z INF |  TCP Connectivity  region2.v2.argotunnel.com  PASS    HTTP/2 connection successful            |
2026-09-12T08:19:14Z INF |  Cloudflare API    api.cloudflare.com:443     PASS    API is reachable                        |
2026-09-12T08:19:14Z INF |  WARNING: Allow outbound QUIC traffic on port 7844 or use HTTP2.                              |
2026-09-12T08:19:14Z INF |  WARNING: Allow outbound QUIC traffic on port 7844 or use HTTP2.                              |
2026-09-12T08:19:14Z INF |                                                                                               |
2026-09-12T08:19:14Z INF |  SUMMARY: Environment ready with degraded transport. cloudflared will proceed using 'http2'.  |
2026-09-12T08:19:14Z INF +-----------------------------------------------------------------------------------------------+
2026-09-12T08:19:14Z INF precheck component="DNS Resolution" details="DNS Resolved successfully" run_id=65458133-b8a1-4a25-babe-76b348a23ecd status=pass target=region1.v2.argotunnel.com
2026-09-12T08:19:14Z INF precheck component="DNS Resolution" details="DNS Resolved successfully" run_id=65458133-b8a1-4a25-babe-76b348a23ecd status=pass target=region2.v2.argotunnel.com
2026-09-12T08:19:14Z INF precheck component="UDP Connectivity" details="QUIC connection failed" run_id=65458133-b8a1-4a25-babe-76b348a23ecd status=fail target=region1.v2.argotunnel.com
2026-09-12T08:19:14Z INF precheck component="UDP Connectivity" details="QUIC connection failed" run_id=65458133-b8a1-4a25-babe-76b348a23ecd status=fail target=region2.v2.argotunnel.com
2026-09-12T08:19:14Z INF precheck component="TCP Connectivity" details="HTTP/2 connection successful" run_id=65458133-b8a1-4a25-babe-76b348a23ecd status=pass target=region1.v2.argotunnel.com
2026-09-12T08:19:14Z INF precheck component="TCP Connectivity" details="HTTP/2 connection successful" run_id=65458133-b8a1-4a25-babe-76b348a23ecd status=pass target=region2.v2.argotunnel.com
2026-09-12T08:19:14Z INF precheck component="Cloudflare API" details="API is reachable" run_id=65458133-b8a1-4a25-babe-76b348a23ecd status=pass target=api.cloudflare.com:443
2026-09-12T08:19:14Z INF precheck complete hard_fail=false run_id=65458133-b8a1-4a25-babe-76b348a23ecd suggested_protocol=http2
2026-09-12T12:22:35Z ERR  error="Unable to reach the origin service. The service may be down or it may not be responding to traffic from cloudflared: dial tcp [::1]:8080: connect: connection refused" connIndex=0 event=1 ingressRule=0 originService=http://localhost:8080
2026-09-12T12:22:35Z ERR failed to serve incoming request error="Failed to proxy HTTP: Unable to reach the origin service. The service may be down or it may not be responding to traffic from cloudflared: dial tcp [::1]:8080: connect: connection refused"
2026-09-12T12:56:45Z ERR  error="Unable to reach the origin service. The service may be down or it may not be responding to traffic from cloudflared: dial tcp [::1]:8080: connect: connection refused" connIndex=0 event=1 ingressRule=0 originService=http://localhost:8080
2026-09-12T12:56:45Z ERR failed to serve incoming request error="Failed to proxy HTTP: Unable to reach the origin service. The service may be down or it may not be responding to traffic from cloudflared: dial tcp [::1]:8080: connect: connection refused"
2026-09-12T15:07:21Z ERR  error="Unable to reach the origin service. The service may be down or it may not be responding to traffic from cloudflared: dial tcp [::1]:8080: connect: connection refused" connIndex=0 event=1 ingressRule=0 originService=http://localhost:8080
2026-09-12T15:07:21Z ERR failed to serve incoming request error="Failed to proxy HTTP: Unable to reach the origin service. The service may be down or it may not be responding to traffic from cloudflared: dial tcp [::1]:8080: connect: connection refused"
2026-09-12T15:07:21Z ERR  error="Unable to reach the origin service. The service may be down or it may not be responding to traffic from cloudflared: dial tcp [::1]:8080: connect: connection refused" connIndex=0 event=1 ingressRule=0 originService=http://localhost:8080
2026-09-12T15:07:21Z ERR failed to serve incoming request error="Failed to proxy HTTP: Unable to reach the origin service. The service may be down or it may not be responding to traffic from cloudflared: dial tcp [::1]:8080: connect: connection refused"
